lol
envi
maman
exitte
